// Jest Snapshot v1, https://goo.gl/fbAQLP

exports[`should add a timestamp above the first message 1`] = `
Array [
  Array [
    Object {
      "message": Object {
        "content": 2016-12-31T23:00:00.000Z,
        "type": "timestamp",
      },
      "sender": Object {
        "id": "robo",
      },
      "timestamp": 2016-12-31T23:00:00.000Z,
    },
  ],
  Array [
    Object {
      "content": Object {
        "body": "Hey",
      },
      "id": "whatever",
      "messageType": "text",
      "sender": Object {
        "id": "asdf123",
      },
      "timestamp": 2016-12-31T23:00:00.000Z,
    },
  ],
]
`;
