// Jest Snapshot v1, https://goo.gl/fbAQLP

exports[`should fetch a channels blocked users 1`] = `
Object {
  "data": Object {
    "channel": Object {
      "blockedUsers": Array [
        Object {
          "coverPhoto": "https://spectrum-imgp.imgix.net/https%3A%2F%2Fpbs.twimg.com%2Fprofile_banners%2F17106008%2F1491444958%2F1500x500?w=640&h=192&ixlib=js-1.1.1&s=f544283ec86a42694f40b2d6c462d695",
          "description": "I am blocked in the Spectrum community",
          "firstName": null,
          "id": "kDCWUjGjDkXcDl3hhcrFNgWUjGj6iN5",
          "isOnline": null,
          "name": "Blocked user",
          "profilePhoto": "https://spectrum-imgp.imgix.net/https%3A%2F%2Fpbs.twimg.com%2Fprofile_images%2F848823167699230721%2F-9CbPtto_bigger.jpg?w=128&h=128&ixlib=js-1.1.1&s=fc14b0aafec83958dc1896b0c899b68c",
          "timezone": null,
          "username": "blocked-boy",
          "website": "",
        },
      ],
      "id": "ce2b4488-4c75-47e0-8ebc-2539c1e6a192",
    },
  },
}
`;
