// Jest Snapshot v1, https://goo.gl/fbAQLP

exports[`should unblock a member in the community 1`] = `
Object {
  "data": Object {
    "unblockCommunityMember": Object {
      "id": "80b16afe-8576-4970-99ab-240b1a975b100",
    },
  },
}
`;
