// Jest Snapshot v1, https://goo.gl/fbAQLP

exports[`Splash should render all its children 1`] = `
<View
  testID="welcome"
>
  <Text
    accessible={true}
    allowFontScaling={true}
    ellipsizeMode="tail"
  >
    Open up App.js to start working on your app!
  </Text>
</View>
`;
